main.c:165:5:main	8	static
main.c:292:6:SystemClock_Config	96	static
main.c:340:13:MX_ADC1_Init	48	static
main.c:427:13:MX_ADC2_Init	32	static
main.c:482:13:MX_I2C1_Init	8	static
main.c:528:13:MX_TIM1_Init	96	static
main.c:610:13:MX_TIM2_Init	56	static
main.c:659:13:MX_TIM3_Init	56	static
main.c:708:13:MX_TIM6_Init	24	static
main.c:746:13:MX_TIM7_Init	24	static
main.c:784:13:MX_TIM16_Init	80	static
main.c:847:13:MX_USART2_UART_Init	8	static
main.c:880:13:MX_DMA_Init	16	static
main.c:901:13:MX_GPIO_Init	40	static
main.c:927:5:_write	24	static
main.c:933:6:user_init	4	static
main.c:946:6:loop_init	4	static
main.c:955:5:start_stop	8	static
main.c:986:6:adc_getValues	4	static
main.c:998:6:Sens_Calibration	32	static
main.c:1055:6:updateValues	48	static
main.c:1123:8:degree	32	static
main.c:1198:6:LineTrace	48	static
main.c:1234:6:motor_R	32	static
main.c:1250:6:motor_L	32	static
main.c:1266:8:Speed_R	32	static
main.c:1275:8:Speed_L	32	static
main.c:1283:8:SpeedContorol_R	48	static
main.c:1297:8:SpeedContorol_L	48	static
main.c:1312:6:HAL_TIM_PeriodElapsedCallback	16	static
main.c:1333:6:Error_Handler	4	static,ignoring_inline_asm
